// Jest Snapshot v1, https://goo.gl/fbAQLP

exports[`UserCard renders properly 1`] = `
"<div class=\\"user-card max-w-xs rounded overflow-hidden shadow-lg my-2 bg-white flex flex-col items-center h-64\\"><img src=\\"/placeholder-image.jpg\\" alt=\\"User image\\" class=\\"w-40\\">
  <div class=\\"px-6 py-4\\">
    <div class=\\"text-xl mb-2\\">
      <div><span>
          First name:
          <span class=\\"font-medium\\"></span></span></div>
      <div><span>
          Last name:
          <span class=\\"font-medium\\"></span></span></div>
    </div>
  </div>
  <!---->
</div>"
`;
